// Vitest Snapshot v1, https://vitest.dev/guide/snapshot.html

exports[`Navigation > should match snapshot 1`] = `
<DocumentFragment>
  <nav
    aria-label="main navigation"
    class="flex gap-3 justify-center "
  >
    <a
      class="transition duration-500 hover:text-cyan-500 tracking-widest"
      href="#"
    >
      Home
    </a>
    <a
      class="transition duration-500 hover:text-cyan-500 tracking-widest"
      href="#"
    >
      About
    </a>
    <a
      class="transition duration-500 hover:text-cyan-500 tracking-widest"
      href="#"
    >
      Services
    </a>
    <a
      class="transition duration-500 hover:text-cyan-500 tracking-widest"
      href="#"
    >
      Tours
    </a>
  </nav>
</DocumentFragment>
`;
